[INFO] Scanning for projects...
[INFO] 
[INFO] --------------------------< com.example:demo >--------------------------
[INFO] Building Business Analyzer Backend 1.0.0
[INFO]   from pom.xml
[INFO] --------------------------------[ jar ]---------------------------------
Downloading from central: https://repo.maven.apache.org/maven2/org/apache/maven/plugins/maven-clean-plugin/3.3.2/maven-clean-plugin-3.3.2.pom
Progress (1): 798 B
Progress (1): 1.7 kB
Progress (1): 4.4 kB
Progress (1): 5.3 kB
                    
Downloaded from central: https://repo.maven.apache.org/maven2/org/apache/maven/plugins/maven-clean-plugin/3.3.2/maven-clean-plugin-3.3.2.pom (5.3 kB at 10 kB/s)
Downloading from central: https://repo.maven.apache.org/maven2/org/apache/maven/plugins/maven-plugins/40/maven-plugins-40.pom
Progress (1): 773 B
Progress (1): 1.8 kB
Progress (1): 4.2 kB
Progress (1): 6.6 kB
Progress (1): 8.1 kB
                    
Downloaded from central: https://repo.maven.apache.org/maven2/org/apache/maven/plugins/maven-plugins/40/maven-plugins-40.pom (8.1 kB at 180 kB/s)
Downloading from central: https://repo.maven.apache.org/maven2/org/apache/maven/maven-parent/40/maven-parent-40.pom
Progress (1): 727 B
Progress (1): 1.6 kB
Progress (1): 4.2 kB
Progress (1): 8.7 kB
Progress (1): 12 kB 
Progress (1): 16 kB
Progress (1): 21 kB
Progress (1): 24 kB
Progress (1): 27 kB
Progress (1): 28 kB
Progress (1): 30 kB
Progress (1): 33 kB
Progress (1): 36 kB
Progress (1): 39 kB
Progress (1): 41 kB
Progress (1): 45 kB
Progress (1): 49 kB
                   
Downloaded from central: https://repo.maven.apache.org/maven2/org/apache/maven/maven-parent/40/maven-parent-40.pom (49 kB at 858 kB/s)
[INFO] 
[INFO] --- clean:3.3.2:clean (default-clean) @ demo ---
Downloading from central: https://repo.maven.apache.org/maven2/org/codehaus/plexus/plexus-utils/4.0.0/plexus-utils-4.0.0.pom
Progress (1): 724 B
Progress (1): 1.8 kB
Progress (1): 3.9 kB
Progress (1): 8.3 kB
Progress (1): 8.7 kB
                    
Downloaded from central: https://repo.maven.apache.org/maven2/org/codehaus/plexus/plexus-utils/4.0.0/plexus-utils-4.0.0.pom (8.7 kB at 222 kB/s)
Downloading from central: https://repo.maven.apache.org/maven2/org/codehaus/plexus/plexus/13/plexus-13.pom
Progress (1): 693 B
Progress (1): 1.7 kB
Progress (1): 5.3 kB
Progress (1): 8.3 kB
Progress (1): 9.6 kB
Progress (1): 11 kB 
Progress (1): 16 kB
Progress (1): 18 kB
Progress (1): 21 kB
Progress (1): 26 kB
Progress (1): 27 kB
                   
Downloaded from central: https://repo.maven.apache.org/maven2/org/codehaus/plexus/plexus/13/plexus-13.pom (27 kB at 782 kB/s)
Downloading from central: https://repo.maven.apache.org/maven2/org/codehaus/plexus/plexus-utils/4.0.0/plexus-utils-4.0.0.jar
Progress (1): 0.9/192 kB
Progress (1): 2.3/192 kB
Progress (1): 3.6/192 kB
Progress (1): 5.0/192 kB
Progress (1): 6.4/192 kB
Progress (1): 7.7/192 kB
Progress (1): 8.2/192 kB
Progress (1): 9.6/192 kB
Progress (1): 11/192 kB 
Progress (1): 12/192 kB
Progress (1): 14/192 kB
Progress (1): 15/192 kB
Progress (1): 16/192 kB
Progress (1): 18/192 kB
Progress (1): 19/192 kB
Progress (1): 20/192 kB
Progress (1): 22/192 kB
Progress (1): 23/192 kB
Progress (1): 25/192 kB
Progress (1): 26/192 kB
Progress (1): 30/192 kB
Progress (1): 34/192 kB
Progress (1): 39/192 kB
Progress (1): 43/192 kB
Progress (1): 47/192 kB
Progress (1): 51/192 kB
Progress (1): 56/192 kB
Progress (1): 60/192 kB
Progress (1): 64/192 kB
Progress (1): 66/192 kB
Progress (1): 70/192 kB
Progress (1): 74/192 kB
Progress (1): 78/192 kB
Progress (1): 82/192 kB
Progress (1): 87/192 kB
Progress (1): 91/192 kB
Progress (1): 95/192 kB
Progress (1): 99/192 kB
Progress (1): 104/192 kB
Progress (1): 108/192 kB
Progress (1): 112/192 kB
Progress (1): 116/192 kB
Progress (1): 121/192 kB
Progress (1): 125/192 kB
Progress (1): 129/192 kB
Progress (1): 131/192 kB
Progress (1): 135/192 kB
Progress (1): 140/192 kB
Progress (1): 144/192 kB
Progress (1): 148/192 kB
Progress (1): 152/192 kB
Progress (1): 156/192 kB
Progress (1): 161/192 kB
Progress (1): 165/192 kB
Progress (1): 169/192 kB
Progress (1): 173/192 kB
Progress (1): 178/192 kB
Progress (1): 180/192 kB
Progress (1): 184/192 kB
Progress (1): 189/192 kB
Progress (1): 192 kB    
                    
Downloaded from central: https://repo.maven.apache.org/maven2/org/codehaus/plexus/plexus-utils/4.0.0/plexus-utils-4.0.0.jar (192 kB at 934 kB/s)
[INFO] Deleting C:\Users\Manoj\Documents\workspace-spring-tools-for-eclipse-5.0.0.RELEASE\backend\target
[INFO] 
[INFO] --- resources:3.3.1:resources (default-resources) @ demo ---
[INFO] Copying 1 resource from src\main\resources to target\classes
[INFO] Copying 1 resource from src\main\resources to target\classes
[INFO] 
[INFO] --- compiler:3.11.0:compile (default-compile) @ demo ---
[INFO] Changes detected - recompiling the module! :source
[INFO] Compiling 37 source files with javac [debug release 17] to target\classes
[INFO] -------------------------------------------------------------
[ERROR] COMPILATION ERROR : 
[INFO] -------------------------------------------------------------
[ERROR] /C:/Users/Manoj/Documents/workspace-spring-tools-for-eclipse-5.0.0.RELEASE/backend/src/main/java/com/example/demo/repository/SaleRepository.java:[17,37] cannot find symbol
  symbol:   class Pageable
  location: interface com.example.demo.repository.SaleRepository
[ERROR] /C:/Users/Manoj/Documents/workspace-spring-tools-for-eclipse-5.0.0.RELEASE/backend/src/main/java/com/example/demo/repository/SaleRepository.java:[17,5] cannot find symbol
  symbol:   class Page
  location: interface com.example.demo.repository.SaleRepository
[INFO] 2 errors 
[INFO] -------------------------------------------------------------
[INFO] ------------------------------------------------------------------------
[INFO] BUILD FAILURE
[INFO] ------------------------------------------------------------------------
[INFO] Total time:  6.352 s
[INFO] Finished at: 2026-03-20T00:22:23+05:30
[INFO] ------------------------------------------------------------------------
[ERROR] Failed to execute goal org.apache.maven.plugins:maven-compiler-plugin:3.11.0:compile (default-compile) on project demo: Compilation failure: Compilation failure: 
[ERROR] /C:/Users/Manoj/Documents/workspace-spring-tools-for-eclipse-5.0.0.RELEASE/backend/src/main/java/com/example/demo/repository/SaleRepository.java:[17,37] cannot find symbol
[ERROR]   symbol:   class Pageable
[ERROR]   location: interface com.example.demo.repository.SaleRepository
[ERROR] /C:/Users/Manoj/Documents/workspace-spring-tools-for-eclipse-5.0.0.RELEASE/backend/src/main/java/com/example/demo/repository/SaleRepository.java:[17,5] cannot find symbol
[ERROR]   symbol:   class Page
[ERROR]   location: interface com.example.demo.repository.SaleRepository
[ERROR] -> [Help 1]
[ERROR] 
[ERROR] To see the full stack trace of the errors, re-run Maven with the -e switch.
[ERROR] Re-run Maven using the -X switch to enable full debug logging.
[ERROR] 
[ERROR] For more information about the errors and possible solutions, please read the following articles:
[ERROR] [Help 1] http://cwiki.apache.org/confluence/display/MAVEN/MojoFailureException
